[INFO] 14:50:15 +-- Realizar login com CPF invalido
[INFO] 14:50:15 | '-- Inicializando o driver
[INFO] 14:50:22 | '-- Driver inicializado com sucesso
[INFO] 14:51:30 | '-- FAILED

[INFO] 15:03:03 +-- Realizar login com CPF invalido
[INFO] 15:03:03 | '-- Inicializando o driver
[INFO] 15:03:13 | '-- Driver inicializado com sucesso
[INFO] 15:04:23 +-- Realizar login com CPF invalido
[INFO] 15:04:23 | '-- Inicializando o driver
[INFO] 15:04:32 | '-- Driver inicializado com sucesso
[INFO] 15:05:18 | '-- FAILED

[INFO] 15:12:00 +-- Realizar login com sucesso
[INFO] 15:12:00 | '-- Inicializando o driver
[INFO] 15:12:10 | '-- Driver inicializado com sucesso
[INFO] 15:12:12 | '-- UNDEFINED

[INFO] 16:29:55 +-- Criar um novo usuario CMS com sucesso
[INFO] 16:29:55 | '-- Enviando requisicao de registro de usuario CMS
[INFO] 16:30:06 | '-- FAILED

[INFO] 16:30:06 +-- Realizar login com usuario CMS
[INFO] 16:30:06 | '-- Enviando requisicao de login com as credenciais do usuario
[INFO] 16:30:06 | '-- FAILED

[INFO] 16:30:11 +-- Realizar login com sucesso
[INFO] 16:30:11 | '-- Inicializando o driver
[INFO] 16:30:38 | '-- Driver inicializado com sucesso
[INFO] 16:30:51 | '-- UNDEFINED

[INFO] 16:30:52 +-- Validar acesso do usuario na pagina inicial
[INFO] 16:31:34 | '-- Validando que estou na pagina inicial
[INFO] 16:31:34 | '-- Verificando e lidando com popup de cookies
[INFO] 16:31:43 | '-- Clicando no botao de acesso do usuario
[INFO] 16:32:36 | '-- Validando mensagem de bem-vindo
[INFO] 16:32:42 | '-- PASSED

[INFO] 16:32:42 +-- Validar botao contato na pagina inicial
[INFO] 16:32:58 | '-- Validando que estou na pagina inicial
[INFO] 16:32:58 | '-- Verificando e lidando com popup de cookies
[INFO] 16:33:05 | '-- Clicando no botao Contato
[INFO] 16:33:11 | '-- Validando exibicao da mensagem sobre solucoes
[INFO] 16:33:16 | '-- PASSED

[INFO] 16:34:13 +-- Realizar login com sucesso
[INFO] 16:34:13 | '-- Inicializando o driver
[INFO] 16:34:23 | '-- Driver inicializado com sucesso
[INFO] 16:34:25 | '-- UNDEFINED

[INFO] 17:25:58 +-- Realizar login com sucesso
[INFO] 17:25:58 | '-- Inicializando o driver
[INFO] 17:26:10 | '-- Driver inicializado com sucesso
[INFO] 17:27:21 | '-- FAILED

[INFO] 17:28:29 +-- Realizar login com sucesso
[INFO] 17:28:29 | '-- Inicializando o driver
[INFO] 17:28:38 | '-- Driver inicializado com sucesso
[INFO] 17:29:47 | '-- FAILED

[INFO] 17:34:46 +-- Realizar login com sucesso
[INFO] 17:34:46 | '-- Inicializando o driver
[INFO] 17:34:56 | '-- Driver inicializado com sucesso
[INFO] 17:35:13 | '-- FAILED

[INFO] 17:36:54 +-- Realizar login com sucesso
[INFO] 17:36:54 | '-- Inicializando o driver
[INFO] 17:37:04 | '-- Driver inicializado com sucesso
[INFO] 17:37:28 | '-- FAILED

[INFO] 17:46:00 +-- Realizar login com sucesso
[INFO] 17:46:00 | '-- Inicializando o driver
[INFO] 17:46:10 | '-- Driver inicializado com sucesso
[INFO] 17:47:37 | '-- FAILED

[INFO] 17:52:01 +-- Realizar login com sucesso
[INFO] 17:52:02 | '-- Inicializando o driver
[INFO] 17:52:12 | '-- Driver inicializado com sucesso
[INFO] 17:52:30 | '-- FAILED

[INFO] 17:54:46 +-- Realizar login com sucesso
[INFO] 17:54:46 | '-- Inicializando o driver
[INFO] 17:54:56 | '-- Driver inicializado com sucesso
[INFO] 17:57:10 +-- Realizar login com sucesso
[INFO] 17:57:10 | '-- Inicializando o driver
[INFO] 17:57:20 | '-- Driver inicializado com sucesso
[INFO] 17:58:44 | '-- FAILED

[INFO] 17:59:07 +-- Realizar login com sucesso
[INFO] 17:59:07 | '-- Inicializando o driver
[INFO] 17:59:16 | '-- Driver inicializado com sucesso
[INFO] 18:01:50 +-- Realizar login com sucesso
[INFO] 18:01:50 | '-- Inicializando o driver
[INFO] 18:02:03 | '-- Driver inicializado com sucesso
[INFO] 18:03:27 | '-- UNDEFINED

[INFO] 18:04:42 +-- Realizar login com sucesso
[INFO] 18:04:42 | '-- Inicializando o driver
[INFO] 18:04:56 | '-- Driver inicializado com sucesso
[INFO] 18:06:38 +-- Realizar login com sucesso
[INFO] 18:06:38 | '-- Inicializando o driver
[INFO] 18:06:49 | '-- Driver inicializado com sucesso
[INFO] 18:07:25 | '-- FAILED

[INFO] 18:15:24 +-- Realizar login com sucesso
[INFO] 18:15:24 | '-- Inicializando o driver
[INFO] 18:15:35 | '-- Driver inicializado com sucesso
[INFO] 18:15:55 | '-- FAILED

[INFO] 18:19:27 +-- Realizar login com sucesso
[INFO] 18:19:27 | '-- Inicializando o driver
[INFO] 18:19:46 | '-- Driver inicializado com sucesso
[INFO] 18:21:15 | '-- FAILED

[INFO] 18:22:30 +-- Realizar login com sucesso
[INFO] 18:22:30 | '-- Inicializando o driver
[INFO] 18:22:42 | '-- Driver inicializado com sucesso
[INFO] 18:24:06 | '-- FAILED

[INFO] 18:25:29 +-- Realizar login com sucesso
[INFO] 18:25:29 | '-- Inicializando o driver
[INFO] 18:25:38 | '-- Driver inicializado com sucesso
[INFO] 18:26:03 | '-- UNDEFINED

[INFO] 18:26:47 +-- Realizar login com sucesso
[INFO] 18:26:47 | '-- Inicializando o driver
[INFO] 18:26:56 | '-- Driver inicializado com sucesso
[INFO] 18:27:33 | '-- UNDEFINED

[INFO] 18:28:27 +-- Realizar login com sucesso
[INFO] 18:28:27 | '-- Inicializando o driver
[INFO] 18:28:38 | '-- Driver inicializado com sucesso
[INFO] 18:29:02 | '-- UNDEFINED

[INFO] 18:30:45 +-- Realizar login com sucesso
[INFO] 18:30:45 | '-- Inicializando o driver
[INFO] 18:30:56 | '-- Driver inicializado com sucesso
[INFO] 18:32:06 | '-- PASSED

[INFO] 18:33:21 +-- Realizar login com sucesso
[INFO] 18:33:21 | '-- Inicializando o driver
[INFO] 18:33:31 | '-- Driver inicializado com sucesso
[INFO] 18:34:29 | '-- PASSED

[INFO] 18:37:57 +-- Realizar login com sucesso
[INFO] 18:37:57 | '-- Inicializando o driver
[INFO] 18:38:06 | '-- Driver inicializado com sucesso
[INFO] 18:38:17 | '-- clico no botão 'Vamos lá' em login
[INFO] 18:38:19 | '-- preencho o campo 'CPF' na tela 'Login': 96539101910
[INFO] 18:38:53 | '-- PASSED

[INFO] 18:39:37 +-- Realizar login com sucesso
[INFO] 18:39:37 | '-- Inicializando o driver
[INFO] 18:39:48 | '-- Driver inicializado com sucesso
[INFO] 18:39:59 | '-- clico no botão 'Vamos lá' em login
[INFO] 18:40:01 | '-- preencho o campo 'CPF' na tela 'Login': 96539101910
[INFO] 18:49:51 +-- Realizar login com sucesso
[INFO] 18:49:51 | '-- Inicializando o driver
[INFO] 18:50:06 | '-- Driver inicializado com sucesso
[INFO] 18:50:19 | '-- clico no botão 'Vamos lá' em login
[INFO] 18:50:21 | '-- preencho o campo 'CPF' na tela 'Login': 96539101910
[INFO] 18:51:38 | '-- FAILED

[INFO] 18:55:24 +-- Realizar login com sucesso
[INFO] 18:55:24 | '-- Inicializando o driver
[INFO] 18:55:35 | '-- Driver inicializado com sucesso
[INFO] 18:55:47 | '-- clico no botão 'Vamos lá' em login
[INFO] 18:55:49 | '-- preencho o campo 'CPF' na tela 'Login': 96539101910
[INFO] 18:56:22 | '-- PASSED

[INFO] 18:59:57 +-- Realizar login com sucesso
[INFO] 18:59:57 | '-- Inicializando o driver
[INFO] 19:00:07 | '-- Driver inicializado com sucesso
[INFO] 19:00:19 | '-- clico no botão 'Vamos lá' em login
[INFO] 19:00:21 | '-- preencho o campo 'CPF' na tela 'Login': 96539101910
[INFO] 19:00:24 | '-- clico no botao 'Continuar' na tela 'Login'
[INFO] 19:00:25 | '-- preencho o campo 'Senha' na tela 'Login': Conductor1
[INFO] 19:00:27 | '-- clico no botao 'Entrar' na tela 'Login'
[INFO] 19:00:53 | '-- PASSED

[INFO] 20:55:42 +-- Visualizar os dados da minha conta no menu
[INFO] 20:55:42 | '-- Inicializando o driver
[INFO] 20:55:55 | '-- Driver inicializado com sucesso
[INFO] 20:56:08 | '-- clico no botão 'Vamos lá' em login
[INFO] 20:56:12 | '-- FAILED

[INFO] 20:57:32 +-- Visualizar os dados da minha conta no menu
[INFO] 20:57:32 | '-- Inicializando o driver
[INFO] 20:57:41 | '-- Driver inicializado com sucesso
[INFO] 20:57:53 | '-- clico no botão 'Vamos lá' em login
[INFO] 20:57:57 | '-- FAILED

[INFO] 20:58:59 +-- Visualizar os dados da minha conta no menu
[INFO] 20:58:59 | '-- Inicializando o driver
[INFO] 20:59:08 | '-- Driver inicializado com sucesso
[INFO] 20:59:20 | '-- clico no botão 'Vamos lá' em login
[INFO] 20:59:24 | '-- FAILED

[INFO] 21:02:23 +-- Visualizar os dados da minha conta no menu
[INFO] 21:02:23 | '-- Inicializando o driver
[INFO] 21:02:31 | '-- Driver inicializado com sucesso
[INFO] 21:02:42 | '-- clico no botão 'Vamos lá' em login
[INFO] 21:02:47 | '-- FAILED

[INFO] 21:03:01 +-- Visualizar os dados da minha conta no menu
[INFO] 21:03:01 | '-- Inicializando o driver
[INFO] 21:03:10 | '-- Driver inicializado com sucesso
[INFO] 21:03:20 | '-- clico no botão 'Vamos lá' em login
[INFO] 21:03:22 | '-- preencho o campo 'CPF' na tela 'Login': 95211155807
[INFO] 21:03:25 | '-- clico no botao 'Continuar' na tela 'Login'
[INFO] 21:03:27 | '-- preencho o campo 'Senha' na tela 'Login': Conductor1
[INFO] 21:03:29 | '-- clico no botao 'Entrar' na tela 'Login'
[INFO] 21:04:03 | '-- FAILED

[INFO] 21:04:26 +-- Visualizar os dados da minha conta no menu
[INFO] 21:04:26 | '-- Inicializando o driver
[INFO] 21:04:36 | '-- Driver inicializado com sucesso
[INFO] 21:04:47 | '-- clico no botão 'Vamos lá' em login
[INFO] 21:04:51 | '-- FAILED

[INFO] 21:05:23 +-- Visualizar os dados da minha conta no menu
[INFO] 21:05:23 | '-- Inicializando o driver
[INFO] 21:05:32 | '-- Driver inicializado com sucesso
[INFO] 21:05:42 | '-- clico no botão 'Vamos lá' em login
[INFO] 21:05:46 | '-- FAILED

[INFO] 21:06:53 +-- Visualizar os dados da minha conta no menu
[INFO] 21:06:53 | '-- Inicializando o driver
[INFO] 21:07:03 | '-- Driver inicializado com sucesso
[INFO] 21:07:15 | '-- clico no botão 'Vamos lá' em login
[INFO] 21:07:20 | '-- FAILED

[INFO] 21:08:34 +-- Visualizar os dados da minha conta no menu
[INFO] 21:08:34 | '-- Inicializando o driver
[INFO] 21:08:44 | '-- Driver inicializado com sucesso
[INFO] 21:08:56 | '-- clico no botão 'Vamos lá' em login
[INFO] 21:08:59 | '-- FAILED

[INFO] 21:09:26 +-- Visualizar os dados da minha conta no menu
[INFO] 21:09:26 | '-- Inicializando o driver
[INFO] 21:09:35 | '-- Driver inicializado com sucesso
[INFO] 21:09:46 | '-- clico no botão 'Vamos lá' em login
[INFO] 21:09:51 | '-- FAILED

[INFO] 21:10:09 +-- Visualizar os dados da minha conta no menu
[INFO] 21:10:09 | '-- Inicializando o driver
[INFO] 21:10:18 | '-- Driver inicializado com sucesso
[INFO] 21:10:29 | '-- clico no botão 'Vamos lá' em login
[INFO] 21:10:31 | '-- preencho o campo 'CPF' na tela 'Login': 95211155807
[INFO] 21:10:34 | '-- clico no botao 'Continuar' na tela 'Login'
[INFO] 21:10:35 | '-- preencho o campo 'Senha' na tela 'Login': Conductor1
[INFO] 21:10:38 | '-- clico no botao 'Entrar' na tela 'Login'
[INFO] 21:11:11 | '-- FAILED

[INFO] 21:11:54 +-- Visualizar os dados da minha conta no menu
[INFO] 21:11:54 | '-- Inicializando o driver
[INFO] 21:12:04 | '-- Driver inicializado com sucesso
[INFO] 21:12:32 +-- Visualizar os dados da minha conta no menu
[INFO] 21:12:32 | '-- Inicializando o driver
[INFO] 21:12:40 | '-- Driver inicializado com sucesso
[INFO] 21:12:51 | '-- clico no botão 'Vamos lá' em login
[INFO] 21:14:21 +-- Visualizar os dados da minha conta no menu
[INFO] 21:14:21 | '-- Inicializando o driver
[INFO] 21:14:34 | '-- Driver inicializado com sucesso
[INFO] 21:14:45 | '-- clico no botão 'Vamos lá' em login
[INFO] 21:14:46 | '-- preencho o campo 'CPF' na tela 'Login': 17257347530
[INFO] 21:14:50 | '-- clico no botao 'Continuar' na tela 'Login'
[INFO] 21:14:51 | '-- preencho o campo 'Senha' na tela 'Login': Conductor1
[INFO] 21:14:53 | '-- clico no botao 'Entrar' na tela 'Login'
[INFO] 21:15:20 | '-- FAILED

[INFO] 21:19:12 +-- Visualizar os dados da minha conta no menu
[INFO] 21:19:12 | '-- Inicializando o driver
[INFO] 21:19:22 | '-- Driver inicializado com sucesso
[INFO] 21:19:33 | '-- clico no botão 'Vamos lá' em login
[INFO] 21:19:35 | '-- preencho o campo 'CPF' na tela 'Login': 17257347530
[INFO] 21:19:39 | '-- clico no botao 'Continuar' na tela 'Login'
[INFO] 21:19:40 | '-- preencho o campo 'Senha' na tela 'Login': Conductor1
[INFO] 21:19:42 | '-- clico no botao 'Entrar' na tela 'Login'
[INFO] 21:20:25 | '-- UNDEFINED

[INFO] 21:31:40 +-- Visualizar os dados da minha conta no menu
[INFO] 21:31:40 | '-- Inicializando o driver
[INFO] 21:31:51 | '-- Driver inicializado com sucesso
[INFO] 21:32:04 | '-- clico no botão 'Vamos lá' em login
[INFO] 21:32:06 | '-- preencho o campo 'CPF' na tela 'Login': 17257347530
[INFO] 21:32:10 | '-- clico no botao 'Continuar' na tela 'Login'
[INFO] 21:32:10 | '-- preencho o campo 'Senha' na tela 'Login': Conductor1
[INFO] 21:32:13 | '-- clico no botao 'Entrar' na tela 'Login'
[INFO] 21:33:06 | '-- FAILED

[INFO] 21:41:30 +-- Visualizar os dados da minha conta no menu
[INFO] 21:41:30 | '-- Inicializando o driver
[INFO] 21:41:41 | '-- Driver inicializado com sucesso
[INFO] 21:41:53 | '-- clico no botão 'Vamos lá' em login
[INFO] 21:41:55 | '-- preencho o campo 'CPF' na tela 'Login': 17257347530
[INFO] 21:41:59 | '-- clico no botao 'Continuar' na tela 'Login'
[INFO] 21:42:00 | '-- preencho o campo 'Senha' na tela 'Login': Conductor1
[INFO] 21:42:03 | '-- clico no botao 'Entrar' na tela 'Login'
[INFO] 21:42:07 | '-- valido a exibição do botao 'nao mostrar novamente' em 'ative sua biometria'
[INFO] 21:42:26 | '-- clico no botao 'nao mostrar novamente' em 'ative sua biometria'
[INFO] 21:42:28 | '-- valido a exibição da home
[INFO] 21:42:34 | '-- clico no menu
[INFO] 21:42:43 | '-- valido a exibição do texto 'Nome' na tela 'Menu'
[INFO] 21:42:57 | '-- FAILED

[INFO] 21:55:33 +-- Visualizar os dados da minha conta no menu
[INFO] 21:55:33 | '-- Inicializando o driver
[INFO] 21:55:45 | '-- Driver inicializado com sucesso
[INFO] 21:55:58 | '-- clico no botão 'Vamos lá' em login
[INFO] 21:56:02 | '-- preencho o campo 'CPF' na tela 'Login': 17257347530
[INFO] 21:56:06 | '-- clico no botao 'Continuar' na tela 'Login'
[INFO] 21:56:07 | '-- preencho o campo 'Senha' na tela 'Login': Conductor1
[INFO] 21:56:10 | '-- clico no botao 'Entrar' na tela 'Login'
[INFO] 21:56:15 | '-- valido a exibição do botao 'nao mostrar novamente' em 'ative sua biometria'
[INFO] 21:56:32 | '-- clico no botao 'nao mostrar novamente' em 'ative sua biometria'
[INFO] 21:56:34 | '-- valido a exibição da home
[INFO] 21:56:39 | '-- clico no menu
[INFO] 21:56:48 | '-- FAILED

[INFO] 21:57:39 +-- Visualizar os dados da minha conta no menu
[INFO] 21:57:39 | '-- Inicializando o driver
[INFO] 21:57:49 | '-- Driver inicializado com sucesso
[INFO] 21:58:00 | '-- clico no botão 'Vamos lá' em login
[INFO] 21:58:03 | '-- preencho o campo 'CPF' na tela 'Login': 17257347530
[INFO] 21:58:06 | '-- clico no botao 'Continuar' na tela 'Login'
[INFO] 21:58:09 | '-- preencho o campo 'Senha' na tela 'Login': Conductor1
[INFO] 21:58:11 | '-- clico no botao 'Entrar' na tela 'Login'
[INFO] 21:58:16 | '-- valido a exibição do botao 'nao mostrar novamente' em 'ative sua biometria'
[INFO] 21:58:32 | '-- clico no botao 'nao mostrar novamente' em 'ative sua biometria'
[INFO] 21:58:35 | '-- valido a exibição da home
[INFO] 21:58:50 | '-- clico no menu
[INFO] 21:58:57 | '-- valido a exibição do texto 'Nome' na tela 'Menu'
[INFO] 21:59:00 | '-- valido a exibição do texto 'Instituição' na tela 'Menu'
[INFO] 21:59:02 | '-- valido a exibição do texto 'Agência' na tela 'Menu'
[INFO] 21:59:05 | '-- valido a exibição do texto 'Conta' na tela 'Menu'
[INFO] 21:59:11 | '-- PASSED

[INFO] 22:07:52 +-- Tela da home validar botão "SACAR"
[INFO] 22:07:52 | '-- Inicializando o driver
[INFO] 22:08:04 | '-- Driver inicializado com sucesso
[INFO] 22:08:20 | '-- FAILED

[INFO] 22:08:46 +-- Tela da home validar botão "SACAR"
[INFO] 22:08:46 | '-- Inicializando o driver
[INFO] 22:08:57 | '-- Driver inicializado com sucesso
[INFO] 22:09:11 | '-- FAILED

[INFO] 22:09:34 +-- Tela da home validar botão "SACAR"
[INFO] 22:09:34 | '-- Inicializando o driver
[INFO] 22:09:44 | '-- Driver inicializado com sucesso
[INFO] 22:09:58 | '-- FAILED

[INFO] 22:10:17 +-- Tela da home validar botão "SACAR"
[INFO] 22:10:17 | '-- Inicializando o driver
[INFO] 22:10:26 | '-- Driver inicializado com sucesso
[INFO] 22:10:41 | '-- FAILED

[INFO] 22:11:54 +-- Tela da home validar botão "SACAR"
[INFO] 22:11:54 | '-- Inicializando o driver
[INFO] 22:12:04 | '-- Driver inicializado com sucesso
[INFO] 22:12:19 | '-- FAILED

[INFO] 22:13:02 +-- Tela da home validar botão "SACAR"
[INFO] 22:13:02 | '-- Inicializando o driver
[INFO] 22:13:11 | '-- Driver inicializado com sucesso
[INFO] 22:13:25 | '-- FAILED

[INFO] 22:13:53 +-- Tela da home validar botão "SACAR"
[INFO] 22:13:53 | '-- Inicializando o driver
[INFO] 22:14:01 | '-- Driver inicializado com sucesso
[INFO] 22:14:32 +-- Tela da home validar botão "SACAR"
[INFO] 22:14:32 | '-- Inicializando o driver
[INFO] 22:14:34 | '-- Erro ao inicializar o driver
[INFO] 22:14:34 | '-- FAILED

[INFO] 22:15:18 +-- Tela da home validar botão "SACAR"
[INFO] 22:15:18 | '-- Inicializando o driver
[INFO] 22:15:26 | '-- Driver inicializado com sucesso
[INFO] 22:15:41 | '-- FAILED

[INFO] 22:16:15 +-- Tela da home validar botão SACAR
[INFO] 22:16:15 | '-- Inicializando o driver
[INFO] 22:16:25 | '-- Driver inicializado com sucesso
[INFO] 22:16:36 | '-- clico no botão 'Vamos lá' em login
[INFO] 22:16:38 | '-- preencho o campo 'CPF' na tela 'Login': 05214098707
[INFO] 22:16:41 | '-- clico no botao 'Continuar' na tela 'Login'
[INFO] 22:16:42 | '-- preencho o campo 'Senha' na tela 'Login': Conductor1
[INFO] 22:16:44 | '-- clico no botao 'Entrar' na tela 'Login'
[INFO] 22:16:49 | '-- valido a exibição do botao 'nao mostrar novamente' em 'ative sua biometria'
[INFO] 22:17:12 | '-- clico no botao 'nao mostrar novamente' em 'ative sua biometria'
[INFO] 22:17:16 | '-- valido a exibição da home
[INFO] 22:17:21 | '-- clico no botao 'Conta'
[INFO] 22:17:49 +-- Tela da home validar botão SACAR
[INFO] 22:17:49 | '-- Inicializando o driver
[INFO] 22:17:59 | '-- Driver inicializado com sucesso
[INFO] 22:18:10 | '-- clico no botão 'Vamos lá' em login
[INFO] 22:18:12 | '-- preencho o campo 'CPF' na tela 'Login': 17257347530
[INFO] 22:18:15 | '-- clico no botao 'Continuar' na tela 'Login'
[INFO] 22:18:16 | '-- preencho o campo 'Senha' na tela 'Login': Conductor1
[INFO] 22:18:17 | '-- clico no botao 'Entrar' na tela 'Login'
[INFO] 22:18:21 | '-- valido a exibição do botao 'nao mostrar novamente' em 'ative sua biometria'
[INFO] 22:18:39 | '-- clico no botao 'nao mostrar novamente' em 'ative sua biometria'
[INFO] 22:18:42 | '-- valido a exibição da home
[INFO] 22:18:52 | '-- FAILED

[INFO] 22:19:13 +-- Tela da home validar botão SACAR
[INFO] 22:19:13 | '-- Inicializando o driver
